CONNECTED TO DB
TABLE READY
FETCHING SALES skip=0
STATUS=200
RECEIVED SALES: 1000
SAVING SALES 988 ROWS
COMMIT DONE
TOTAL SALES SAVED: 1000
FETCHING SALES skip=1000
STATUS=200
RECEIVED SALES: 1000
SAVING SALES 1000 ROWS
COMMIT DONE
TOTAL SALES SAVED: 2000
FETCHING SALES skip=2000
STATUS=200
RECEIVED SALES: 1000
SAVING SALES 1000 ROWS
COMMIT DONE
TOTAL SALES SAVED: 3000
FETCHING SALES skip=3000
STATUS=200
RECEIVED SALES: 1000
SAVING SALES 1000 ROWS
COMMIT DONE
TOTAL SALES SAVED: 4000
FETCHING SALES skip=4000
STATUS=200
RECEIVED SALES: 1000
SAVING SALES 1000 ROWS
COMMIT DONE
TOTAL SALES SAVED: 5000
FETCHING SALES skip=5000
STATUS=200
RECEIVED SALES: 1000
SAVING SALES 978 ROWS
COMMIT DONE
TOTAL SALES SAVED: 6000
FETCHING SALES skip=6000
STATUS=200
RECEIVED SALES: 1000
SAVING SALES 1000 ROWS
COMMIT DONE
TOTAL SALES SAVED: 7000
FETCHING SALES skip=7000
STATUS=200
RECEIVED SALES: 977
SAVING SALES 898 ROWS
COMMIT DONE
TOTAL SALES SAVED: 7977
LAST SALES PAGE REACHED
REFRESHING SALES ANALYTICS
SALES ANALYTICS READY
DONE
